// Jest Snapshot v1, https://goo.gl/fbAQLP

exports[`<NoteUpdateForm/> (Snapshot Test) renders right 1`] = `
<form
  className="updateForm"
  onChange={[Function]}
  onSubmit={[Function]}
>
  <input
    defaultValue="test title"
    name="title"
    placeholder="title"
    type="text"
  />
  <textarea
    defaultValue="sample content"
    name="content"
    placeholder="content"
  />
  <label>
    <span>
      editing
    </span>
    <input
      defaultChecked={false}
      name="editing"
      type="checkbox"
    />
  </label>
  <label>
    <span>
      completed
    </span>
  </label>
  <input
    defaultChecked={false}
    name="completed"
    type="checkbox"
  />
  <button>
    update note
  </button>
  <button
    onClick={[Function]}
  >
    cancel
  </button>
</form>
`;
